
[1m[46m RUN [49m[22m [36mv4.0.14 [39m[90mD:/AdvocAI-UI-testing/frontend[39m

 [31mΓ¥»[39m src/Components/Navbar/Navbar.early.test/Navbar.early.test.jsx [2m([22m[2m11 tests[22m[2m | [22m[31m1 failed[39m[2m)[22m[33m 641[2mms[22m[39m
     [32mΓ£ô[39m renders all navigation links for authenticated user[32m 291[2mms[22m[39m
     [32mΓ£ô[39m shows profile avatar[32m 34[2mms[22m[39m
     [32mΓ£ô[39m renders login button when unauthenticated[32m 24[2mms[22m[39m
     [32mΓ£ô[39m hides lawyer dashboard for non-lawyer users[32m 24[2mms[22m[39m
     [32mΓ£ô[39m falls back to placeholder avatar when no profile picture[32m 53[2mms[22m[39m
     [32mΓ£ô[39m invokes logout when logout button clicked[32m 32[2mms[22m[39m
     [32mΓ£ô[39m toggles mobile menu open and close[32m 49[2mms[22m[39m
     [32mΓ£ô[39m closes mobile menu after selecting a link[32m 43[2mms[22m[39m
     [32mΓ£ô[39m invokes logout from mobile menu[32m 36[2mms[22m[39m
[31m     [31m├ù[31m clicking mobile profile link closes the menu[39m[32m 32[2mms[22m[39m
     [32mΓ£ô[39m clicking mobile login closes menu when unauthenticated[32m 17[2mms[22m[39m
node.exe : 
At line:1 char:1
+ & "C:\Program Files
\nodejs/node.exe" 
"C:\Program 
Files\nodejs/node_mo 
...
+ ~~~~~~~~~~~~~~~~~~~
~~~~~~~~~~~~~~~~~~~~~
~~~~~~~~~~~~~~~~~~~~~
~~~~~~~~
    + CategoryInfo   
           : NotSpe  
  cified: (:String   
 ) [], RemoteExce    
ption
    + FullyQualified 
   ErrorId : Native  
  CommandError
 
[31mΓÄ»ΓÄ»ΓÄ»ΓÄ»ΓÄ»Γ
Ä»ΓÄ»[39m[1m[41m 
Failed Tests 1 [49m
[22m[31mΓÄ»ΓÄ»ΓÄ»ΓÄ»
ΓÄ»ΓÄ»ΓÄ»[39m

[41m[1m FAIL 
[22m[49m src/Compon
ents/Navbar/Navbar.ea
rly.test/Navbar.early
.test.jsx[2m > 
[22mNavbar[2m > 
[22mclicking mobile 
profile link closes 
the menu
[31m[1mTestingLibra
ryElementError[22m: 
Unable to find an 
element with the 
text: Profile. This 
could be because the 
text is broken up by 
multiple elements. 
In this case, you 
can provide a 
function for your 
text matcher to make 
your matcher more 
flexible.

Ignored nodes: 
comments, script, 
style
[36m<div[31m
  [33mclass[31m=[3
2m"md:hidden fixed 
top-0 right-0 
bottom-0 w-3/4 
max-w-sm 
bg-background 
        border-l 
border-border z-[60] 
flex flex-col py-6 
px-6 transform 
transition-transform 
        duration-300 
ease-in-out 
translate-x-0"[31m
  [33mdata-testid[3
1m=[32m"mobile-menu"
[31m
[36m>[31m
  [36m<button[31m
    [33maria-label[
31m=[32m"Close 
menu"[31m
    [33mclass[31m=
[32m"absolute top-6 
right-6 p-3 
rounded-lg hover:bg-f
oreground/10 transiti
on-colors"[31m
  [36m>[31m
    [36m<svg[31m
      [33maria-hidde
n[31m=[32m"true"[3
1m
      [33mclass[31m
=[32m"lucide 
lucide-x"[31m
      [33mfill[31m=
[32m"none"[31m
      [33mheight[31
m=[32m"26"[31m
      [33mstroke[31
m=[32m"currentColor"
[31m
      [33mstroke-lin
ecap[31m=[32m"round
"[31m
      [33mstroke-lin
ejoin[31m=[32m"roun
d"[31m
      [33mstroke-wid
th[31m=[32m"2"[31m
      [33mviewBox[3
1m=[32m"0 0 24 
24"[31m
      [33mwidth[31m
=[32m"26"[31m
      [33mxmlns[31m
=[32m"http://www.w3.
org/2000/svg"[31m
    [36m>[31m
      [36m<path[31m
        [33md[31m=
[32m"M18 6 6 18"[31m
      [36m/>[31m
      [36m<path[31m
        
[33md[31m=[32m"m6 
6 12 12"[31m
      [36m/>[31m
    [36m</svg>[31m
  [36m</button>[31m
  [36m<div[31m
    [33mclass[31m=
[32m"mt-20 flex 
flex-col 
space-y-6"[31m
  [36m>[31m
    [36m<a[31m
      [33mclass[31m
=[32m"text-3xl 
font-bold 
text-foreground 
hover:text-primary 
transition-all"[31m
      [33mdata-disco
ver[31m=[32m"true"
[31m
      [33mhref[31m=
[32m"/"[31m
    [36m>[31m
      [0mHome[0m
    [36m</a>[31m
    [36m<a[31m
      [33mclass[31m
=[32m"text-3xl 
font-bold 
text-foreground 
hover:text-primary 
transition-all"[31m
      [33mdata-disco
ver[31m=[32m"true"
[31m
      [33mhref[31m=
[32m"/document-analy
ser"[31m
    [36m>[31m
      [0mDocument 
Analyzer[0m
    [36m</a>[31m
    [36m<a[31m
      [33mclass[31m
=[32m"text-3xl 
font-bold 
text-foreground 
hover:text-primary 
transition-all"[31m
      [33mdata-disco
ver[31m=[32m"true"
[31m
      [33mhref[31m=
[32m"/document-creat
ion"[31m
    [36m>[31m
      [0mDocument 
Generator[0m
    [36m</a>[31m
    [36m<a[31m
      [33mclass[31m
=[32m"text-3xl 
font-bold 
text-foreground 
hover:text-primary 
transition-all"[31m
      [33mdata-disco
ver[31m=[32m"true"
[31m
      [33mhref[31m=
[32m"/lawyer-connect
"[31m
    [36m>[31m
      [0mConnect[0m
    [36m</a>[31m
    [36m<a[31m
      [33mclass[31m
=[32m"text-3xl 
font-bold 
text-foreground 
hover:text-primary 
transition-all"[31m
      [33mdata-disco
ver[31m=[32m"true"
[31m
      [33mhref[31m=
[32m"/my-documents"
[31m
    [36m>[31m
      [0mMy 
Documents[0m
    [36m</a>[31m
    [36m<a[31m
      [33mclass[31m
=[32m"text-3xl 
font-bold 
text-foreground 
hover:text-primary 
transition-all"[31m
      [33mdata-disco
ver[31m=[32m"true"
[31m
      [33mhref[31m=
[32m"/chat"[31m
    [36m>[31m
      
[0mMessages[0m
    [36m</a>[31m
    [36m<a[31m
      [33mclass[31m
=[32m"text-3xl 
font-bold 
text-foreground 
hover:text-primary 
transition-all"[31m
      [33mdata-disco
ver[31m=[32m"true"
[31m
      [33mhref[31m=
[32m"/lawyer-dashboa
rd"[31m
    [36m>[31m
      [0mLawyer 
Dashboard[0m
    [36m</a>[31m
    [36m<button[31m
      [33mclass[31m
=[32m"text-2xl mt-6 
w-full"[31m
      [33mdata-testi
d[31m=[32m"mock-but
ton"[31m
      [33mvariant[3
1m=[32m"outline"[31
m
    [36m>[31m
      [0mLogout[0m
    
[36m</button>[31m
  [36m</div>[31m
[36m</div>[31m[39m
[90m [2mΓ¥»[22m Ob
ject.getElementError 
node_modules/@testing
-library/dom/dist/con
fig.js:[2m37:19[22m
[39m
[90m [2mΓ¥»[22m no
de_modules/@testing-l
ibrary/dom/dist/query
-helpers.js:[2m76:38
[22m[39m
[90m [2mΓ¥»[22m no
de_modules/@testing-l
ibrary/dom/dist/query
-helpers.js:[2m52:17
[22m[39m
[90m [2mΓ¥»[22m no
de_modules/@testing-l
ibrary/dom/dist/query
-helpers.js:[2m95:19
[22m[39m
[36m [2mΓ¥»[22m sr
c/Components/Navbar/N
avbar.early.test/Navb
ar.early.test.jsx:[2
m149:38[22m[39m
    [90m147| [39m  
  fireEvent[33m.[39
m[34mclick[39m(scre
en[33m.[39m[34mget
ByLabelText[39m([32
m"Toggle menu"[39m))
    [90m148| [39m
    [90m149| [39m  
  [35mconst[39m 
profileLink 
[33m=[39m [34mwith
in[39m(menu)[33m.[
39m[34mgetByText[39
m([32m"Profile"[39m
)
    [90m   | [39m  
                     
              
[31m^[39m
    [90m150| [39m  
  fireEvent[33m.[39
m[34mclick[39m(prof
ileLink[33m.[39m[3
4mclosest[39m([32m"
a"[39m) 
[33m??[39m 
profileLink)
    [90m151| [39m

[31m[2mΓÄ»ΓÄ»ΓÄ»ΓÄ»
ΓÄ»ΓÄ»ΓÄ»ΓÄ»ΓÄ»ΓÄ»ΓÄ»
ΓÄ»ΓÄ»ΓÄ»ΓÄ»ΓÄ»ΓÄ»ΓÄ»
ΓÄ»ΓÄ»ΓÄ»ΓÄ»ΓÄ»ΓÄ»[1/
1]ΓÄ»[22m[39m


[2m Test Files [22m [1m[31m1 failed[39m[22m[90m (1)[39m
[2m      Tests [22m [1m[31m1 failed[39m[22m[2m | [22m[1m[32m10 passed[39m[22m[90m (11)[39m
[2m   Start at [22m 23:12:54
[2m   Duration [22m 3.80s[2m (transform 272ms, setup 199ms, import 878ms, tests 641ms, environment 1.20s)[22m

